<html>
<body>
<pre>
<h1>µVision Build Log</h1>
<h2>Tool Versions:</h2>
IDE-Version: ¦ÌVision V5.21.1.0
Copyright (C) 2016 ARM Ltd and ARM Germany GmbH. All rights reserved.
License Information: ouyang sean, dawn, LIC=WHYHL-0HYFR-Y8SFK-ZP1FG-1ZVPK-KDWBU
 
Tool Versions:
Toolchain:       MDK-ARM Plus  Version: 5.24.1
Toolchain Path:  F:\keil\ARM\ARMCC\Bin
C Compiler:      Armcc.exe V5.06 update 5 (build 528)
Assembler:       Armasm.exe V5.06 update 5 (build 528)
Linker/Locator:  ArmLink.exe V5.06 update 5 (build 528)
Library Manager: ArmAr.exe V5.06 update 5 (build 528)
Hex Converter:   FromElf.exe V5.06 update 5 (build 528)
CPU DLL:         SARMCM3.DLL V5.24.1
Dialog DLL:      DARMSTM.DLL V1.68.0.0
Target DLL:      Segger\JL2CM3.dll V2.99.26.0
Dialog DLL:      TARMSTM.DLL V1.66.0.0
 
<h2>Project:</h2>
F:\project_test\MPU-6050ÍÓÂÝÒÇ\´®¿ÚÊä³öMPU-6050\´®¿Ú\lunzhou.uvproj
Project File Date:  01/26/2019

<h2>Output:</h2>
*** Using Compiler 'V5.06 update 5 (build 528)', folder: 'F:\keil\ARM\ARMCC\Bin'
Build target 'Target 1'
compiling stm32f10x_it.c...
compiling stm32f10x_rcc.c...
compiling main.c...
compiling stm32f10x_wwdg.c...
compiling stm32f10x_tim.c...
compiling stm32f10x_usart.c...
compiling misc.c...
compiling stm32f10x_gpio.c...
compiling stm32f10x_flash.c...
assembling startup_stm32f10x_hd.s...
compiling system_stm32f10x.c...
compiling core_cm3.c...
linking...
Program Size: Code=8732 RO-data=336 RW-data=40 ZI-data=1648  
FromELF: creating hex file...
".\lunzhou.axf" - 0 Error(s), 0 Warning(s).
Build Time Elapsed:  00:00:15
</pre>
</body>
</html>
